beats
break
cases
first
great
never
often
there